// Jest Snapshot v1, https://goo.gl/fbAQLP

exports[`Render Test Component renders correctly 1`] = `
{
  "asFragment": [Function],
  "baseElement": <body>
    <div>
      <div
        class="books-section-container"
      >
        <div
          class="books-section"
        >
          <h2
            class="section-title"
          >
            Recommendation
          </h2>
          <div
            class="books"
          >
            <button
              class="flex flex-col items-center gap-2 rounded-xl p-4 shadow-md transition hover:scale-105 hover:bg-gray-100 bg-white"
              data-testid="clickBook"
              type="button"
            >
              <img
                alt="Romeo and Juliet"
                class="w-40 h-56 object-cover rounded-md"
                src="https://www.gutenberg.org/cache/epub/1513/pg1513.cover.medium.jpg"
              />
              <h2
                class="text-lg font-semibold text-gray-800 text-center"
              >
                Romeo and Juliet
              </h2>
              <p
                class="text-sm text-gray-600"
              >
                Shakespeare, William
              </p>
            </button>
          </div>
        </div>
        <div
          class="books-section"
        >
          <h2
            class="section-title"
          >
            Popular
          </h2>
          <div
            class="books"
          />
        </div>
      </div>
    </div>
  </body>,
  "container": <div>
    <div
      class="books-section-container"
    >
      <div
        class="books-section"
      >
        <h2
          class="section-title"
        >
          Recommendation
        </h2>
        <div
          class="books"
        >
          <button
            class="flex flex-col items-center gap-2 rounded-xl p-4 shadow-md transition hover:scale-105 hover:bg-gray-100 bg-white"
            data-testid="clickBook"
            type="button"
          >
            <img
              alt="Romeo and Juliet"
              class="w-40 h-56 object-cover rounded-md"
              src="https://www.gutenberg.org/cache/epub/1513/pg1513.cover.medium.jpg"
            />
            <h2
              class="text-lg font-semibold text-gray-800 text-center"
            >
              Romeo and Juliet
            </h2>
            <p
              class="text-sm text-gray-600"
            >
              Shakespeare, William
            </p>
          </button>
        </div>
      </div>
      <div
        class="books-section"
      >
        <h2
          class="section-title"
        >
          Popular
        </h2>
        <div
          class="books"
        />
      </div>
    </div>
  </div>,
  "debug": [Function],
  "findAllByAltText": [Function],
  "findAllByDisplayValue": [Function],
  "findAllByLabelText": [Function],
  "findAllByPlaceholderText": [Function],
  "findAllByRole": [Function],
  "findAllByTestId": [Function],
  "findAllByText": [Function],
  "findAllByTitle": [Function],
  "findByAltText": [Function],
  "findByDisplayValue": [Function],
  "findByLabelText": [Function],
  "findByPlaceholderText": [Function],
  "findByRole": [Function],
  "findByTestId": [Function],
  "findByText": [Function],
  "findByTitle": [Function],
  "getAllByAltText": [Function],
  "getAllByDisplayValue": [Function],
  "getAllByLabelText": [Function],
  "getAllByPlaceholderText": [Function],
  "getAllByRole": [Function],
  "getAllByTestId": [Function],
  "getAllByText": [Function],
  "getAllByTitle": [Function],
  "getByAltText": [Function],
  "getByDisplayValue": [Function],
  "getByLabelText": [Function],
  "getByPlaceholderText": [Function],
  "getByRole": [Function],
  "getByTestId": [Function],
  "getByText": [Function],
  "getByTitle": [Function],
  "queryAllByAltText": [Function],
  "queryAllByDisplayValue": [Function],
  "queryAllByLabelText": [Function],
  "queryAllByPlaceholderText": [Function],
  "queryAllByRole": [Function],
  "queryAllByTestId": [Function],
  "queryAllByText": [Function],
  "queryAllByTitle": [Function],
  "queryByAltText": [Function],
  "queryByDisplayValue": [Function],
  "queryByLabelText": [Function],
  "queryByPlaceholderText": [Function],
  "queryByRole": [Function],
  "queryByTestId": [Function],
  "queryByText": [Function],
  "queryByTitle": [Function],
  "rerender": [Function],
  "unmount": [Function],
}
`;
